/*
* Export from
* grunt-exporter
* https://www.npmjs.com/package/grunt-exporter
* https://github.com/stephanj79/grunt-exporter
*/

<!--(xxx includes/headerinner.html)-->