<style>
    /*<!--(start-css-export tmp/test.css)-->*/
.site-footer-css {
    background: #000;
    min-height: 180px;
}
.site-footer-css a:link, a:visited {
    color: #99cc00;
}

    /*<!--(end-css-export)-->*/
</style>